// Jest Snapshot v1, https://goo.gl/fbAQLP

exports[
  `should be possible to print an error with extra objects to a yaml like structure 1`
] = `
"  with:
    extra:
      properties:
        - 1
        - 2
        - 3"
`;

exports[
  `should be possible to print an object as a yaml like structure (more advanced case) 1`
] = `
"  employees:
    employee:
      - id: 1
        firstName: Tom
        lastName: Cruise
        photo: https://pbs.twimg.com/profile_images/735509975649378305/B81JwLT7.jpg
      - id: 2
        firstName: Maria
        lastName: Sharapova
        photo: https://pbs.twimg.com/profile_images/3424509849/bfa1b9121afc39d1dcdb53cfc423bf12.jpeg
      - id: 3
        firstName: James
        lastName: Bond
        photo: https://pbs.twimg.com/profile_images/664886718559076352/M00cOLrh.jpg"
`;

exports[
  `should be possible to print an object as a yaml like structure (simple case) 1`
] = `
"  id: some simple id
  fields:
    field_a:
      - This field is required
      - This field should be available
    field_b:
      - This field is required
      - This field should be a number"
`;

exports[
  `should be possible to print an object with a multiple scalar values 1`
] = `
"  hello: world
  age: 24
  interesting: true"
`;

exports[`should be possible to print an object with a nested object 1`] = `
"  universe:
    hello: world"
`;

exports[
  `should be possible to print an object with a single scalar value 1`
] = `"  hello: world"`;
